≡ƒº¬ Testing Phase 5 Code Quality Integration...

≡ƒôè Analyzing: https://example.com

Γ£à Analysis successful!

≡ƒôê Summary:
   Critical: 5
   Warnings: 20
   Passed: 4

≡ƒÄë Phase 5 Code Quality: FOUND Γ£à

ΓöüΓöüΓöüΓöüΓöüΓöüΓöüΓöüΓöüΓöüΓöüΓöüΓöüΓöüΓöüΓöüΓöüΓöüΓöüΓöüΓöüΓöüΓöüΓöüΓöüΓöüΓöüΓöüΓöüΓöüΓöüΓöüΓöüΓöüΓöüΓöüΓöüΓöüΓöüΓöü
   Category: Code Quality
   Score: 99/100
   Grade: A
   Total Issues: 2
   Critical: 0
   Warnings: 1

   ≡ƒôè Breakdown:
      HTML: 95/100
      CSS: 100/100
      JavaScript: 100/100
      Performance: 100/100
      Compatibility: 100/100
ΓöüΓöüΓöüΓöüΓöüΓöüΓöüΓöüΓöüΓöüΓöüΓöüΓöüΓöüΓöüΓöüΓöüΓöüΓöüΓöüΓöüΓöüΓöüΓöüΓöüΓöüΓöüΓöüΓöüΓöüΓöüΓöüΓöüΓöüΓöüΓöüΓöüΓöüΓöüΓöü

Γ£à PHASE 5 INTEGRATION: SUCCESS!


≡ƒôï All Categories (9 total):
   1. Performance - Score: N/A, Issues: 1
   2. SEO - Score: N/A, Issues: 1
   3. Accessibility - Score: N/A, Issues: 1
   4. Security - Score: 100/100, Issues: 0
   5. Security Vulnerabilities - Score: 67/100, Issues: 6
   6. SEO Analysis - Score: 65/100, Issues: 13
   7. Accessibility Compliance - Score: 96/100, Issues: 6
   8. Code Quality - Score: 99/100, Issues: 2
   9. Broken Links - Score: 100/100, Issues: 0
